Archive member included to satisfy reference by file (symbol)

c:/program files (x86)/gnu arm embedded toolchain/10 2020-q4-major/bin/../lib/gcc/arm-none-eabi/10.2.1/../../../../arm-none-eabi/lib/thumb/v7e-m+fp/hard\libc_nano.a(lib_a-exit.o)
                              c:/program files (x86)/gnu arm embedded toolchain/10 2020-q4-major/bin/../lib/gcc/arm-none-eabi/10.2.1/../../../../arm-none-eabi/lib/thumb/v7e-m+fp/hard/crt0.o (exit)
c:/program files (x86)/gnu arm embedded toolchain/10 2020-q4-major/bin/../lib/gcc/arm-none-eabi/10.2.1/../../../../arm-none-eabi/lib/thumb/v7e-m+fp/hard\libc_nano.a(lib_a-impure.o)
                              c:/program files (x86)/gnu arm embedded toolchain/10 2020-q4-major/bin/../lib/gcc/arm-none-eabi/10.2.1/../../../../arm-none-eabi/lib/thumb/v7e-m+fp/hard\libc_nano.a(lib_a-exit.o) (_global_impure_ptr)
c:/program files (x86)/gnu arm embedded toolchain/10 2020-q4-major/bin/../lib/gcc/arm-none-eabi/10.2.1/../../../../arm-none-eabi/lib/thumb/v7e-m+fp/hard\libc_nano.a(lib_a-init.o)
                              c:/program files (x86)/gnu arm embedded toolchain/10 2020-q4-major/bin/../lib/gcc/arm-none-eabi/10.2.1/../../../../arm-none-eabi/lib/thumb/v7e-m+fp/hard/crt0.o (__libc_init_array)
c:/program files (x86)/gnu arm embedded toolchain/10 2020-q4-major/bin/../lib/gcc/arm-none-eabi/10.2.1/../../../../arm-none-eabi/lib/thumb/v7e-m+fp/hard\libc_nano.a(lib_a-memset.o)
                              c:/program files (x86)/gnu arm embedded toolchain/10 2020-q4-major/bin/../lib/gcc/arm-none-eabi/10.2.1/../../../../arm-none-eabi/lib/thumb/v7e-m+fp/hard/crt0.o (memset)
c:/program files (x86)/gnu arm embedded toolchain/10 2020-q4-major/bin/../lib/gcc/arm-none-eabi/10.2.1/../../../../arm-none-eabi/lib/thumb/v7e-m+fp/hard\libnosys.a(_exit.o)
                              c:/program files (x86)/gnu arm embedded toolchain/10 2020-q4-major/bin/../lib/gcc/arm-none-eabi/10.2.1/../../../../arm-none-eabi/lib/thumb/v7e-m+fp/hard\libc_nano.a(lib_a-exit.o) (_exit)

Discarded input sections

 .text          0x00000000        0x0 c:/program files (x86)/gnu arm embedded toolchain/10 2020-q4-major/bin/../lib/gcc/arm-none-eabi/10.2.1/thumb/v7e-m+fp/hard/crti.o
 .data          0x00000000        0x0 c:/program files (x86)/gnu arm embedded toolchain/10 2020-q4-major/bin/../lib/gcc/arm-none-eabi/10.2.1/thumb/v7e-m+fp/hard/crti.o
 .bss           0x00000000        0x0 c:/program files (x86)/gnu arm embedded toolchain/10 2020-q4-major/bin/../lib/gcc/arm-none-eabi/10.2.1/thumb/v7e-m+fp/hard/crti.o
 .data          0x00000000        0x4 c:/program files (x86)/gnu arm embedded toolchain/10 2020-q4-major/bin/../lib/gcc/arm-none-eabi/10.2.1/thumb/v7e-m+fp/hard/crtbegin.o
 .rodata        0x00000000       0x24 c:/program files (x86)/gnu arm embedded toolchain/10 2020-q4-major/bin/../lib/gcc/arm-none-eabi/10.2.1/thumb/v7e-m+fp/hard/crtbegin.o
 .text          0x00000000       0x7c c:/program files (x86)/gnu arm embedded toolchain/10 2020-q4-major/bin/../lib/gcc/arm-none-eabi/10.2.1/../../../../arm-none-eabi/lib/thumb/v7e-m+fp/hard/crt0.o
 .data          0x00000000        0x0 c:/program files (x86)/gnu arm embedded toolchain/10 2020-q4-major/bin/../lib/gcc/arm-none-eabi/10.2.1/../../../../arm-none-eabi/lib/thumb/v7e-m+fp/hard/crt0.o
 .bss           0x00000000        0x0 c:/program files (x86)/gnu arm embedded toolchain/10 2020-q4-major/bin/../lib/gcc/arm-none-eabi/10.2.1/../../../../arm-none-eabi/lib/thumb/v7e-m+fp/hard/crt0.o
 .ARM.extab     0x00000000        0x0 c:/program files (x86)/gnu arm embedded toolchain/10 2020-q4-major/bin/../lib/gcc/arm-none-eabi/10.2.1/../../../../arm-none-eabi/lib/thumb/v7e-m+fp/hard/crt0.o
 .ARM.exidx     0x00000000       0x10 c:/program files (x86)/gnu arm embedded toolchain/10 2020-q4-major/bin/../lib/gcc/arm-none-eabi/10.2.1/../../../../arm-none-eabi/lib/thumb/v7e-m+fp/hard/crt0.o
 .ARM.attributes
                0x00000000       0x1c c:/program files (x86)/gnu arm embedded toolchain/10 2020-q4-major/bin/../lib/gcc/arm-none-eabi/10.2.1/../../../../arm-none-eabi/lib/thumb/v7e-m+fp/hard/crt0.o
 .text          0x00000000        0x0 build/main.o
 .data          0x00000000        0x0 build/main.o
 .bss           0x00000000        0x0 build/main.o
 .text.Error_Handler
                0x00000000        0x4 build/main.o
 .text          0x00000000        0x0 build/stm32l4xx_it.o
 .data          0x00000000        0x0 build/stm32l4xx_it.o
 .bss           0x00000000        0x0 build/stm32l4xx_it.o
 .text          0x00000000        0x0 build/stm32l4xx_ll_utils.o
 .data          0x00000000        0x0 build/stm32l4xx_ll_utils.o
 .bss           0x00000000        0x0 build/stm32l4xx_ll_utils.o
 .text.UTILS_GetPLLOutputFrequency
                0x00000000       0x22 build/stm32l4xx_ll_utils.o
 .text.UTILS_PLL_IsBusy
                0x00000000       0x30 build/stm32l4xx_ll_utils.o
 .text.LL_SetFlashLatency
                0x00000000       0xd0 build/stm32l4xx_ll_utils.o
 .text.UTILS_EnablePLLAndSwitchSystem
                0x00000000       0xb0 build/stm32l4xx_ll_utils.o
 .text.LL_PLL_ConfigSystemClock_MSI
                0x00000000       0xe4 build/stm32l4xx_ll_utils.o
 .text.LL_PLL_ConfigSystemClock_HSI
                0x00000000       0x68 build/stm32l4xx_ll_utils.o
 .text.LL_PLL_ConfigSystemClock_HSE
                0x00000000       0x84 build/stm32l4xx_ll_utils.o
 .text          0x00000000        0x0 build/stm32l4xx_ll_exti.o
 .data          0x00000000        0x0 build/stm32l4xx_ll_exti.o
 .bss           0x00000000        0x0 build/stm32l4xx_ll_exti.o
 .text.LL_EXTI_DeInit
                0x00000000       0x34 build/stm32l4xx_ll_exti.o
 .text.LL_EXTI_StructInit
                0x00000000       0x10 build/stm32l4xx_ll_exti.o
 .text          0x00000000        0x0 build/stm32l4xx_ll_gpio.o
 .data          0x00000000        0x0 build/stm32l4xx_ll_gpio.o
 .bss           0x00000000        0x0 build/stm32l4xx_ll_gpio.o
 .text.LL_GPIO_DeInit
                0x00000000      0x130 build/stm32l4xx_ll_gpio.o
 .text.LL_GPIO_StructInit
                0x00000000       0x16 build/stm32l4xx_ll_gpio.o
 .text          0x00000000        0x0 build/stm32l4xx_ll_rtc.o
 .data          0x00000000        0x0 build/stm32l4xx_ll_rtc.o
 .bss           0x00000000        0x0 build/stm32l4xx_ll_rtc.o
 .text.LL_RTC_StructInit
                0x00000000        0xe build/stm32l4xx_ll_rtc.o
 .text.LL_RTC_TIME_StructInit
                0x00000000        0xc build/stm32l4xx_ll_rtc.o
 .text.LL_RTC_DATE_StructInit
                0x00000000        0xe build/stm32l4xx_ll_rtc.o
 .text.LL_RTC_ALMA_Init
                0x00000000      0x13c build/stm32l4xx_ll_rtc.o
 .text.LL_RTC_ALMB_Init
                0x00000000      0x13c build/stm32l4xx_ll_rtc.o
 .text.LL_RTC_ALMA_StructInit
                0x00000000       0x14 build/stm32l4xx_ll_rtc.o
 .text.LL_RTC_ALMB_StructInit
                0x00000000       0x14 build/stm32l4xx_ll_rtc.o
 .text.LL_RTC_DeInit
                0x00000000       0x50 build/stm32l4xx_ll_rtc.o
 .text.LL_RTC_ExitInitMode
                0x00000000        0xa build/stm32l4xx_ll_rtc.o
 .text          0x00000000        0x0 build/stm32l4xx_ll_pwr.o
 .data          0x00000000        0x0 build/stm32l4xx_ll_pwr.o
 .bss           0x00000000        0x0 build/stm32l4xx_ll_pwr.o
 .text.LL_PWR_DeInit
                0x00000000       0x1c build/stm32l4xx_ll_pwr.o
 .debug_info    0x00000000      0x3d0 build/stm32l4xx_ll_pwr.o
 .debug_abbrev  0x00000000      0x129 build/stm32l4xx_ll_pwr.o
 .debug_loc     0x00000000       0x30 build/stm32l4xx_ll_pwr.o
 .debug_aranges
                0x00000000       0x20 build/stm32l4xx_ll_pwr.o
 .debug_ranges  0x00000000       0x10 build/stm32l4xx_ll_pwr.o
 .debug_line    0x00000000      0x1f4 build/stm32l4xx_ll_pwr.o
 .debug_str     0x00000000      0x334 build/stm32l4xx_ll_pwr.o
 .comment       0x00000000       0x4e build/stm32l4xx_ll_pwr.o
 .debug_frame   0x00000000       0x20 build/stm32l4xx_ll_pwr.o
 .ARM.attributes
                0x00000000       0x34 build/stm32l4xx_ll_pwr.o
 .text          0x00000000        0x0 build/stm32l4xx_ll_tim.o
 .data          0x00000000        0x0 build/stm32l4xx_ll_tim.o
 .bss           0x00000000        0x0 build/stm32l4xx_ll_tim.o
 .text.OC1Config
                0x00000000       0x90 build/stm32l4xx_ll_tim.o
 .text.OC2Config
                0x00000000       0x94 build/stm32l4xx_ll_tim.o
 .text.OC3Config
                0x00000000       0x94 build/stm32l4xx_ll_tim.o
 .text.OC4Config
                0x00000000       0x78 build/stm32l4xx_ll_tim.o
 .text.OC5Config
                0x00000000       0x78 build/stm32l4xx_ll_tim.o
 .text.OC6Config
                0x00000000       0x78 build/stm32l4xx_ll_tim.o
 .text.IC1Config
                0x00000000       0x38 build/stm32l4xx_ll_tim.o
 .text.IC2Config
                0x00000000       0x3a build/stm32l4xx_ll_tim.o
 .text.IC3Config
                0x00000000       0x3a build/stm32l4xx_ll_tim.o
 .text.IC4Config
                0x00000000       0x3a build/stm32l4xx_ll_tim.o
 .text.LL_TIM_DeInit
                0x00000000      0x178 build/stm32l4xx_ll_tim.o
 .text.LL_TIM_StructInit
                0x00000000       0x12 build/stm32l4xx_ll_tim.o
 .text.LL_TIM_OC_StructInit
                0x00000000       0x14 build/stm32l4xx_ll_tim.o
 .text.LL_TIM_OC_Init
                0x00000000       0x54 build/stm32l4xx_ll_tim.o
 .text.LL_TIM_IC_StructInit
                0x00000000       0x10 build/stm32l4xx_ll_tim.o
 .text.LL_TIM_IC_Init
                0x00000000       0x3c build/stm32l4xx_ll_tim.o
 .text.LL_TIM_ENCODER_StructInit
                0x00000000       0x1c build/stm32l4xx_ll_tim.o
 .text.LL_TIM_ENCODER_Init
                0x00000000       0x62 build/stm32l4xx_ll_tim.o
 .text.LL_TIM_HALLSENSOR_StructInit
                0x00000000        0xc build/stm32l4xx_ll_tim.o
 .text.LL_TIM_HALLSENSOR_Init
                0x00000000       0x64 build/stm32l4xx_ll_tim.o
 .text.LL_TIM_BDTR_StructInit
                0x00000000       0x1a build/stm32l4xx_ll_tim.o
 .text.LL_TIM_BDTR_Init
                0x00000000       0x7c build/stm32l4xx_ll_tim.o
 .text          0x00000000        0x0 build/stm32l4xx_ll_dma.o
 .data          0x00000000        0x0 build/stm32l4xx_ll_dma.o
 .bss           0x00000000        0x0 build/stm32l4xx_ll_dma.o
 .text.LL_DMA_DeInit
                0x00000000      0x1d4 build/stm32l4xx_ll_dma.o
 .text.LL_DMA_Init
                0x00000000       0x80 build/stm32l4xx_ll_dma.o
 .text.LL_DMA_StructInit
                0x00000000       0x1a build/stm32l4xx_ll_dma.o
 .rodata.CHANNEL_OFFSET_TAB
                0x00000000        0x7 build/stm32l4xx_ll_dma.o
 .debug_info    0x00000000      0xc3c build/stm32l4xx_ll_dma.o
 .debug_abbrev  0x00000000      0x2a3 build/stm32l4xx_ll_dma.o
 .debug_loc     0x00000000      0x638 build/stm32l4xx_ll_dma.o
 .debug_aranges
                0x00000000       0x30 build/stm32l4xx_ll_dma.o
 .debug_ranges  0x00000000      0x140 build/stm32l4xx_ll_dma.o
 .debug_line    0x00000000      0x678 build/stm32l4xx_ll_dma.o
 .debug_str     0x00000000      0x607 build/stm32l4xx_ll_dma.o
 .comment       0x00000000       0x4e build/stm32l4xx_ll_dma.o
 .debug_frame   0x00000000       0x4c build/stm32l4xx_ll_dma.o
 .ARM.attributes
                0x00000000       0x34 build/stm32l4xx_ll_dma.o
 .text          0x00000000        0x0 build/stm32l4xx_ll_usart.o
 .data          0x00000000        0x0 build/stm32l4xx_ll_usart.o
 .bss           0x00000000        0x0 build/stm32l4xx_ll_usart.o
 .text.LL_USART_DeInit
                0x00000000       0xb0 build/stm32l4xx_ll_usart.o
 .text.LL_USART_StructInit
                0x00000000       0x18 build/stm32l4xx_ll_usart.o
 .text.LL_USART_ClockInit
                0x00000000       0x3e build/stm32l4xx_ll_usart.o
 .text.LL_USART_ClockStructInit
                0x00000000        0xc build/stm32l4xx_ll_usart.o
 .text          0x00000000        0x0 build/stm32l4xx_ll_rcc.o
 .data          0x00000000        0x0 build/stm32l4xx_ll_rcc.o
 .bss           0x00000000        0x0 build/stm32l4xx_ll_rcc.o
 .text.RCC_PLL_GetFreqDomain_SAI
                0x00000000      0x100 build/stm32l4xx_ll_rcc.o
 .text.RCC_PLL_GetFreqDomain_48M
                0x00000000       0xfc build/stm32l4xx_ll_rcc.o
 .text.RCC_PLLSAI1_GetFreqDomain_SAI
                0x00000000      0x100 build/stm32l4xx_ll_rcc.o
 .text.RCC_PLLSAI1_GetFreqDomain_48M
                0x00000000       0xfc build/stm32l4xx_ll_rcc.o
 .text.RCC_PLLSAI1_GetFreqDomain_ADC
                0x00000000       0xfc build/stm32l4xx_ll_rcc.o
 .text.RCC_PLLSAI2_GetFreqDomain_SAI
                0x00000000      0x100 build/stm32l4xx_ll_rcc.o
 .text.RCC_PLLSAI2_GetFreqDomain_ADC
                0x00000000       0xfc build/stm32l4xx_ll_rcc.o
 .text.LL_RCC_DeInit
                0x00000000       0xb0 build/stm32l4xx_ll_rcc.o
 .text.LL_RCC_GetSystemClocksFreq
                0x00000000       0x20 build/stm32l4xx_ll_rcc.o
 .text.LL_RCC_GetI2CClockFreq
                0x00000000      0x12c build/stm32l4xx_ll_rcc.o
 .text.LL_RCC_GetLPUARTClockFreq
                0x00000000       0x64 build/stm32l4xx_ll_rcc.o
 .text.LL_RCC_GetLPTIMClockFreq
                0x00000000       0xf8 build/stm32l4xx_ll_rcc.o
 .text.LL_RCC_GetSAIClockFreq
                0x00000000       0xe8 build/stm32l4xx_ll_rcc.o
 .text.LL_RCC_GetSDMMCClockFreq
                0x00000000       0xa8 build/stm32l4xx_ll_rcc.o
 .text.LL_RCC_GetRNGClockFreq
                0x00000000       0xa8 build/stm32l4xx_ll_rcc.o
 .text.LL_RCC_GetUSBClockFreq
                0x00000000       0xa8 build/stm32l4xx_ll_rcc.o
 .text.LL_RCC_GetADCClockFreq
                0x00000000       0x4c build/stm32l4xx_ll_rcc.o
 .text.LL_RCC_GetSWPMIClockFreq
                0x00000000       0x3c build/stm32l4xx_ll_rcc.o
 .text.LL_RCC_GetDFSDMClockFreq
                0x00000000       0x30 build/stm32l4xx_ll_rcc.o
 .text          0x00000000        0x0 build/system_stm32l4xx.o
 .data          0x00000000        0x0 build/system_stm32l4xx.o
 .bss           0x00000000        0x0 build/system_stm32l4xx.o
 .text.SystemCoreClockUpdate
                0x00000000       0xd8 build/system_stm32l4xx.o
 .text          0x00000000       0x14 build/startup_stm32l476xx.o
 .data          0x00000000        0x0 build/startup_stm32l476xx.o
 .bss           0x00000000        0x0 build/startup_stm32l476xx.o
 .text          0x00000000        0x0 c:/program files (x86)/gnu arm embedded toolchain/10 2020-q4-major/bin/../lib/gcc/arm-none-eabi/10.2.1/../../../../arm-none-eabi/lib/thumb/v7e-m+fp/hard\libc_nano.a(lib_a-exit.o)
 .data          0x00000000        0x0 c:/program files (x86)/gnu arm embedded toolchain/10 2020-q4-major/bin/../lib/gcc/arm-none-eabi/10.2.1/../../../../arm-none-eabi/lib/thumb/v7e-m+fp/hard\libc_nano.a(lib_a-exit.o)
 .bss           0x00000000        0x0 c:/program files (x86)/gnu arm embedded toolchain/10 2020-q4-major/bin/../lib/gcc/arm-none-eabi/10.2.1/../../../../arm-none-eabi/lib/thumb/v7e-m+fp/hard\libc_nano.a(lib_a-exit.o)
 .text.exit     0x00000000       0x28 c:/program files (x86)/gnu arm embedded toolchain/10 2020-q4-major/bin/../lib/gcc/arm-none-eabi/10.2.1/../../../../arm-none-eabi/lib/thumb/v7e-m+fp/hard\libc_nano.a(lib_a-exit.o)
 .debug_frame   0x00000000       0x28 c:/program files (x86)/gnu arm embedded toolchain/10 2020-q4-major/bin/../lib/gcc/arm-none-eabi/10.2.1/../../../../arm-none-eabi/lib/thumb/v7e-m+fp/hard\libc_nano.a(lib_a-exit.o)
 .ARM.attributes
                0x00000000       0x34 c:/program files (x86)/gnu arm embedded toolchain/10 2020-q4-major/bin/../lib/gcc/arm-none-eabi/10.2.1/../../../../arm-none-eabi/lib/thumb/v7e-m+fp/hard\libc_nano.a(lib_a-exit.o)
 .text          0x00000000        0x0 c:/program files (x86)/gnu arm embedded toolchain/10 2020-q4-major/bin/../lib/gcc/arm-none-eabi/10.2.1/../../../../arm-none-eabi/lib/thumb/v7e-m+fp/hard\libc_nano.a(lib_a-impure.o)
 .data          0x00000000        0x0 c:/program files (x86)/gnu arm embedded toolchain/10 2020-q4-major/bin/../lib/gcc/arm-none-eabi/10.2.1/../../../../arm-none-eabi/lib/thumb/v7e-m+fp/hard\libc_nano.a(lib_a-impure.o)
 .bss           0x00000000        0x0 c:/program files (x86)/gnu arm embedded toolchain/10 2020-q4-major/bin/../lib/gcc/arm-none-eabi/10.2.1/../../../../arm-none-eabi/lib/thumb/v7e-m+fp/hard\libc_nano.a(lib_a-impure.o)
 .data._impure_ptr
                0x00000000        0x4 c:/program files (x86)/gnu arm embedded toolchain/10 2020-q4-major/bin/../lib/gcc/arm-none-eabi/10.2.1/../../../../arm-none-eabi/lib/thumb/v7e-m+fp/hard\libc_nano.a(lib_a-impure.o)
 .data.impure_data
                0x00000000       0x60 c:/program files (x86)/gnu arm embedded toolchain/10 2020-q4-major/bin/../lib/gcc/arm-none-eabi/10.2.1/../../../../arm-none-eabi/lib/thumb/v7e-m+fp/hard\libc_nano.a(lib_a-impure.o)
 .rodata._global_impure_ptr
                0x00000000        0x4 c:/program files (x86)/gnu arm embedded toolchain/10 2020-q4-major/bin/../lib/gcc/arm-none-eabi/10.2.1/../../../../arm-none-eabi/lib/thumb/v7e-m+fp/hard\libc_nano.a(lib_a-impure.o)
 .ARM.attributes
                0x00000000       0x32 c:/program files (x86)/gnu arm embedded toolchain/10 2020-q4-major/bin/../lib/gcc/arm-none-eabi/10.2.1/../../../../arm-none-eabi/lib/thumb/v7e-m+fp/hard\libc_nano.a(lib_a-impure.o)
 .text          0x00000000        0x0 c:/program files (x86)/gnu arm embedded toolchain/10 2020-q4-major/bin/../lib/gcc/arm-none-eabi/10.2.1/../../../../arm-none-eabi/lib/thumb/v7e-m+fp/hard\libc_nano.a(lib_a-init.o)
 .data          0x00000000        0x0 c:/program files (x86)/gnu arm embedded toolchain/10 2020-q4-major/bin/../lib/gcc/arm-none-eabi/10.2.1/../../../../arm-none-eabi/lib/thumb/v7e-m+fp/hard\libc_nano.a(lib_a-init.o)
 .bss           0x00000000        0x0 c:/program files (x86)/gnu arm embedded toolchain/10 2020-q4-major/bin/../lib/gcc/arm-none-eabi/10.2.1/../../../../arm-none-eabi/lib/thumb/v7e-m+fp/hard\libc_nano.a(lib_a-init.o)
 .text          0x00000000        0x0 c:/program files (x86)/gnu arm embedded toolchain/10 2020-q4-major/bin/../lib/gcc/arm-none-eabi/10.2.1/../../../../arm-none-eabi/lib/thumb/v7e-m+fp/hard\libc_nano.a(lib_a-memset.o)
 .data          0x00000000        0x0 c:/program files (x86)/gnu arm embedded toolchain/10 2020-q4-major/bin/../lib/gcc/arm-none-eabi/10.2.1/../../../../arm-none-eabi/lib/thumb/v7e-m+fp/hard\libc_nano.a(lib_a-memset.o)
 .bss           0x00000000        0x0 c:/program files (x86)/gnu arm embedded toolchain/10 2020-q4-major/bin/../lib/gcc/arm-none-eabi/10.2.1/../../../../arm-none-eabi/lib/thumb/v7e-m+fp/hard\libc_nano.a(lib_a-memset.o)
 .text.memset   0x00000000       0x10 c:/program files (x86)/gnu arm embedded toolchain/10 2020-q4-major/bin/../lib/gcc/arm-none-eabi/10.2.1/../../../../arm-none-eabi/lib/thumb/v7e-m+fp/hard\libc_nano.a(lib_a-memset.o)
 .debug_frame   0x00000000       0x20 c:/program files (x86)/gnu arm embedded toolchain/10 2020-q4-major/bin/../lib/gcc/arm-none-eabi/10.2.1/../../../../arm-none-eabi/lib/thumb/v7e-m+fp/hard\libc_nano.a(lib_a-memset.o)
 .ARM.attributes
                0x00000000       0x34 c:/program files (x86)/gnu arm embedded toolchain/10 2020-q4-major/bin/../lib/gcc/arm-none-eabi/10.2.1/../../../../arm-none-eabi/lib/thumb/v7e-m+fp/hard\libc_nano.a(lib_a-memset.o)
 .text          0x00000000        0x0 c:/program files (x86)/gnu arm embedded toolchain/10 2020-q4-major/bin/../lib/gcc/arm-none-eabi/10.2.1/../../../../arm-none-eabi/lib/thumb/v7e-m+fp/hard\libnosys.a(_exit.o)
 .data          0x00000000        0x0 c:/program files (x86)/gnu arm embedded toolchain/10 2020-q4-major/bin/../lib/gcc/arm-none-eabi/10.2.1/../../../../arm-none-eabi/lib/thumb/v7e-m+fp/hard\libnosys.a(_exit.o)
 .bss           0x00000000        0x0 c:/program files (x86)/gnu arm embedded toolchain/10 2020-q4-major/bin/../lib/gcc/arm-none-eabi/10.2.1/../../../../arm-none-eabi/lib/thumb/v7e-m+fp/hard\libnosys.a(_exit.o)
 .text._exit    0x00000000        0x4 c:/program files (x86)/gnu arm embedded toolchain/10 2020-q4-major/bin/../lib/gcc/arm-none-eabi/10.2.1/../../../../arm-none-eabi/lib/thumb/v7e-m+fp/hard\libnosys.a(_exit.o)
 .debug_frame   0x00000000       0x20 c:/program files (x86)/gnu arm embedded toolchain/10 2020-q4-major/bin/../lib/gcc/arm-none-eabi/10.2.1/../../../../arm-none-eabi/lib/thumb/v7e-m+fp/hard\libnosys.a(_exit.o)
 .ARM.attributes
                0x00000000       0x34 c:/program files (x86)/gnu arm embedded toolchain/10 2020-q4-major/bin/../lib/gcc/arm-none-eabi/10.2.1/../../../../arm-none-eabi/lib/thumb/v7e-m+fp/hard\libnosys.a(_exit.o)
 .text          0x00000000        0x0 c:/program files (x86)/gnu arm embedded toolchain/10 2020-q4-major/bin/../lib/gcc/arm-none-eabi/10.2.1/thumb/v7e-m+fp/hard/crtend.o
 .data          0x00000000        0x0 c:/program files (x86)/gnu arm embedded toolchain/10 2020-q4-major/bin/../lib/gcc/arm-none-eabi/10.2.1/thumb/v7e-m+fp/hard/crtend.o
 .bss           0x00000000        0x0 c:/program files (x86)/gnu arm embedded toolchain/10 2020-q4-major/bin/../lib/gcc/arm-none-eabi/10.2.1/thumb/v7e-m+fp/hard/crtend.o
 .rodata        0x00000000       0x24 c:/program files (x86)/gnu arm embedded toolchain/10 2020-q4-major/bin/../lib/gcc/arm-none-eabi/10.2.1/thumb/v7e-m+fp/hard/crtend.o
 .eh_frame      0x00000000        0x4 c:/program files (x86)/gnu arm embedded toolchain/10 2020-q4-major/bin/../lib/gcc/arm-none-eabi/10.2.1/thumb/v7e-m+fp/hard/crtend.o
 .ARM.attributes
                0x00000000       0x32 c:/program files (x86)/gnu arm embedded toolchain/10 2020-q4-major/bin/../lib/gcc/arm-none-eabi/10.2.1/thumb/v7e-m+fp/hard/crtend.o
 .text          0x00000000        0x0 c:/program files (x86)/gnu arm embedded toolchain/10 2020-q4-major/bin/../lib/gcc/arm-none-eabi/10.2.1/thumb/v7e-m+fp/hard/crtn.o
 .data          0x00000000        0x0 c:/program files (x86)/gnu arm embedded toolchain/10 2020-q4-major/bin/../lib/gcc/arm-none-eabi/10.2.1/thumb/v7e-m+fp/hard/crtn.o
 .bss           0x00000000        0x0 c:/program files (x86)/gnu arm embedded toolchain/10 2020-q4-major/bin/../lib/gcc/arm-none-eabi/10.2.1/thumb/v7e-m+fp/hard/crtn.o

Memory Configuration

Name             Origin             Length             Attributes
RAM              0x20000000         0x00018000         xrw
RAM2             0x10000000         0x00008000         xrw
FLASH            0x08000000         0x00100000         xr
*default*        0x00000000         0xffffffff

Linker script and memory map

LOAD c:/program files (x86)/gnu arm embedded toolchain/10 2020-q4-major/bin/../lib/gcc/arm-none-eabi/10.2.1/thumb/v7e-m+fp/hard/crti.o
LOAD c:/program files (x86)/gnu arm embedded toolchain/10 2020-q4-major/bin/../lib/gcc/arm-none-eabi/10.2.1/thumb/v7e-m+fp/hard/crtbegin.o
LOAD c:/program files (x86)/gnu arm embedded toolchain/10 2020-q4-major/bin/../lib/gcc/arm-none-eabi/10.2.1/../../../../arm-none-eabi/lib/thumb/v7e-m+fp/hard/crt0.o
LOAD build/main.o
LOAD build/stm32l4xx_it.o
LOAD build/stm32l4xx_ll_utils.o
LOAD build/stm32l4xx_ll_exti.o
LOAD build/stm32l4xx_ll_gpio.o
LOAD build/stm32l4xx_ll_rtc.o
LOAD build/stm32l4xx_ll_pwr.o
LOAD build/stm32l4xx_ll_tim.o
LOAD build/stm32l4xx_ll_dma.o
LOAD build/stm32l4xx_ll_usart.o
LOAD build/stm32l4xx_ll_rcc.o
LOAD build/system_stm32l4xx.o
LOAD build/startup_stm32l476xx.o
LOAD c:/program files (x86)/gnu arm embedded toolchain/10 2020-q4-major/bin/../lib/gcc/arm-none-eabi/10.2.1/../../../../arm-none-eabi/lib/thumb/v7e-m+fp/hard\libc_nano.a
LOAD c:/program files (x86)/gnu arm embedded toolchain/10 2020-q4-major/bin/../lib/gcc/arm-none-eabi/10.2.1/../../../../arm-none-eabi/lib/thumb/v7e-m+fp/hard\libm.a
LOAD c:/program files (x86)/gnu arm embedded toolchain/10 2020-q4-major/bin/../lib/gcc/arm-none-eabi/10.2.1/../../../../arm-none-eabi/lib/thumb/v7e-m+fp/hard\libnosys.a
START GROUP
LOAD c:/program files (x86)/gnu arm embedded toolchain/10 2020-q4-major/bin/../lib/gcc/arm-none-eabi/10.2.1/thumb/v7e-m+fp/hard\libgcc.a
LOAD c:/program files (x86)/gnu arm embedded toolchain/10 2020-q4-major/bin/../lib/gcc/arm-none-eabi/10.2.1/../../../../arm-none-eabi/lib/thumb/v7e-m+fp/hard\libc_nano.a
END GROUP
START GROUP
LOAD c:/program files (x86)/gnu arm embedded toolchain/10 2020-q4-major/bin/../lib/gcc/arm-none-eabi/10.2.1/thumb/v7e-m+fp/hard\libgcc.a
LOAD c:/program files (x86)/gnu arm embedded toolchain/10 2020-q4-major/bin/../lib/gcc/arm-none-eabi/10.2.1/../../../../arm-none-eabi/lib/thumb/v7e-m+fp/hard\libc_nano.a
END GROUP
LOAD c:/program files (x86)/gnu arm embedded toolchain/10 2020-q4-major/bin/../lib/gcc/arm-none-eabi/10.2.1/thumb/v7e-m+fp/hard/crtend.o
LOAD c:/program files (x86)/gnu arm embedded toolchain/10 2020-q4-major/bin/../lib/gcc/arm-none-eabi/10.2.1/thumb/v7e-m+fp/hard/crtn.o
                0x20018000                _estack = 0x20018000
                0x00000200                _Min_Heap_Size = 0x200
                0x00000400                _Min_Stack_Size = 0x400

.isr_vector     0x08000000      0x188
                0x08000000                . = ALIGN (0x8)
 *(.isr_vector)
 .isr_vector    0x08000000      0x188 build/startup_stm32l476xx.o
                0x08000000                g_pfnVectors
                0x08000188                . = ALIGN (0x8)

.text           0x08000188     0x12b0
                0x08000188                . = ALIGN (0x8)
 *(.text)
 .text          0x08000188       0x40 c:/program files (x86)/gnu arm embedded toolchain/10 2020-q4-major/bin/../lib/gcc/arm-none-eabi/10.2.1/thumb/v7e-m+fp/hard/crtbegin.o
 *(.text*)
 .text.NVIC_EncodePriority
                0x080001c8       0x36 build/main.o
 *fill*         0x080001fe        0x2 
 .text.MX_GPIO_Init
                0x08000200      0x150 build/main.o
 .text.MX_USART2_UART_Init
                0x08000350       0xa4 build/main.o
 .text.MX_RTC_Init
                0x080003f4       0x78 build/main.o
 .text.MX_TIM6_Init
                0x0800046c       0x90 build/main.o
 .text.SystemClock_Config
                0x080004fc      0x148 build/main.o
                0x080004fc                SystemClock_Config
 .text.main     0x08000644       0x7c build/main.o
                0x08000644                main
 .text.NMI_Handler
                0x080006c0        0x2 build/stm32l4xx_it.o
                0x080006c0                NMI_Handler
 .text.HardFault_Handler
                0x080006c2        0x2 build/stm32l4xx_it.o
                0x080006c2                HardFault_Handler
 .text.MemManage_Handler
                0x080006c4        0x2 build/stm32l4xx_it.o
                0x080006c4                MemManage_Handler
 .text.BusFault_Handler
                0x080006c6        0x2 build/stm32l4xx_it.o
                0x080006c6                BusFault_Handler
 .text.UsageFault_Handler
                0x080006c8        0x2 build/stm32l4xx_it.o
                0x080006c8                UsageFault_Handler
 .text.SVC_Handler
                0x080006ca        0x2 build/stm32l4xx_it.o
                0x080006ca                SVC_Handler
 .text.DebugMon_Handler
                0x080006cc        0x2 build/stm32l4xx_it.o
                0x080006cc                DebugMon_Handler
 .text.SysTick_Handler
                0x080006ce        0x2 build/stm32l4xx_it.o
                0x080006ce                SysTick_Handler
 .text.EXTI15_10_IRQHandler
                0x080006d0       0x1c build/stm32l4xx_it.o
                0x080006d0                EXTI15_10_IRQHandler
 .text.TIM6_DAC_IRQHandler
                0x080006ec        0x2 build/stm32l4xx_it.o
                0x080006ec                TIM6_DAC_IRQHandler
 *fill*         0x080006ee        0x2 
 .text.LL_Init1msTick
                0x080006f0       0x20 build/stm32l4xx_ll_utils.o
                0x080006f0                LL_Init1msTick
 .text.LL_mDelay
                0x08000710       0x2a build/stm32l4xx_ll_utils.o
                0x08000710                LL_mDelay
 *fill*         0x0800073a        0x2 
 .text.LL_SetSystemCoreClock
                0x0800073c        0xc build/stm32l4xx_ll_utils.o
                0x0800073c                LL_SetSystemCoreClock
 .text.LL_EXTI_Init
                0x08000748      0x19c build/stm32l4xx_ll_exti.o
                0x08000748                LL_EXTI_Init
 .text.LL_GPIO_Init
                0x080008e4      0x17e build/stm32l4xx_ll_gpio.o
                0x080008e4                LL_GPIO_Init
 .text.LL_RTC_EnterInitMode
                0x08000a62       0x4e build/stm32l4xx_ll_rtc.o
                0x08000a62                LL_RTC_EnterInitMode
 .text.LL_RTC_Init
                0x08000ab0       0x4e build/stm32l4xx_ll_rtc.o
                0x08000ab0                LL_RTC_Init
 .text.LL_RTC_WaitForSynchro
                0x08000afe       0x80 build/stm32l4xx_ll_rtc.o
                0x08000afe                LL_RTC_WaitForSynchro
 *fill*         0x08000b7e        0x2 
 .text.LL_RTC_TIME_Init
                0x08000b80       0xec build/stm32l4xx_ll_rtc.o
                0x08000b80                LL_RTC_TIME_Init
 .text.LL_RTC_DATE_Init
                0x08000c6c       0xe4 build/stm32l4xx_ll_rtc.o
                0x08000c6c                LL_RTC_DATE_Init
 .text.LL_TIM_Init
                0x08000d50       0xc8 build/stm32l4xx_ll_tim.o
                0x08000d50                LL_TIM_Init
 .text.LL_USART_Init
                0x08000e18       0xe4 build/stm32l4xx_ll_usart.o
                0x08000e18                LL_USART_Init
 .text.RCC_GetHCLKClockFreq
                0x08000efc       0x18 build/stm32l4xx_ll_rcc.o
 .text.RCC_GetPCLK1ClockFreq
                0x08000f14       0x18 build/stm32l4xx_ll_rcc.o
 .text.RCC_GetPCLK2ClockFreq
                0x08000f2c       0x18 build/stm32l4xx_ll_rcc.o
 .text.RCC_PLL_GetFreqDomain_SYS
                0x08000f44       0xfc build/stm32l4xx_ll_rcc.o
 .text.RCC_GetSystemClockFreq
                0x08001040       0xe8 build/stm32l4xx_ll_rcc.o
 .text.LL_RCC_GetUSARTClockFreq
                0x08001128      0x134 build/stm32l4xx_ll_rcc.o
                0x08001128                LL_RCC_GetUSARTClockFreq
 .text.LL_RCC_GetUARTClockFreq
                0x0800125c       0xe0 build/stm32l4xx_ll_rcc.o
                0x0800125c                LL_RCC_GetUARTClockFreq
 .text.SystemInit
                0x0800133c       0x44 build/system_stm32l4xx.o
                0x0800133c                SystemInit
 .text.Reset_Handler
                0x08001380       0x50 build/startup_stm32l476xx.o
                0x08001380                Reset_Handler
 .text.Default_Handler
                0x080013d0        0x2 build/startup_stm32l476xx.o
                0x080013d0                RTC_Alarm_IRQHandler
                0x080013d0                EXTI2_IRQHandler
                0x080013d0                TIM8_TRG_COM_IRQHandler
                0x080013d0                TIM8_CC_IRQHandler
                0x080013d0                TIM1_CC_IRQHandler
                0x080013d0                TSC_IRQHandler
                0x080013d0                TAMP_STAMP_IRQHandler
                0x080013d0                PendSV_Handler
                0x080013d0                EXTI3_IRQHandler
                0x080013d0                LPTIM2_IRQHandler
                0x080013d0                DFSDM1_FLT1_IRQHandler
                0x080013d0                I2C3_ER_IRQHandler
                0x080013d0                DFSDM1_FLT2_IRQHandler
                0x080013d0                EXTI0_IRQHandler
                0x080013d0                I2C2_EV_IRQHandler
                0x080013d0                CAN1_RX0_IRQHandler
                0x080013d0                FPU_IRQHandler
                0x080013d0                TIM1_UP_TIM16_IRQHandler
                0x080013d0                ADC1_2_IRQHandler
                0x080013d0                SPI1_IRQHandler
                0x080013d0                TIM8_UP_IRQHandler
                0x080013d0                DMA2_Channel2_IRQHandler
                0x080013d0                DMA1_Channel4_IRQHandler
                0x080013d0                SAI2_IRQHandler
                0x080013d0                DFSDM1_FLT3_IRQHandler
                0x080013d0                USART3_IRQHandler
                0x080013d0                DMA1_Channel7_IRQHandler
                0x080013d0                CAN1_RX1_IRQHandler
                0x080013d0                LCD_IRQHandler
                0x080013d0                UART5_IRQHandler
                0x080013d0                ADC3_IRQHandler
                0x080013d0                TIM4_IRQHandler
                0x080013d0                DMA2_Channel1_IRQHandler
                0x080013d0                QUADSPI_IRQHandler
                0x080013d0                I2C1_EV_IRQHandler
                0x080013d0                DMA1_Channel6_IRQHandler
                0x080013d0                UART4_IRQHandler
                0x080013d0                DMA2_Channel4_IRQHandler
                0x080013d0                TIM3_IRQHandler
                0x080013d0                RCC_IRQHandler
                0x080013d0                DMA1_Channel1_IRQHandler
                0x080013d0                Default_Handler
                0x080013d0                DMA2_Channel7_IRQHandler
                0x080013d0                TIM7_IRQHandler
                0x080013d0                SDMMC1_IRQHandler
                0x080013d0                TIM5_IRQHandler
                0x080013d0                I2C3_EV_IRQHandler
                0x080013d0                EXTI9_5_IRQHandler
                0x080013d0                RTC_WKUP_IRQHandler
                0x080013d0                PVD_PVM_IRQHandler
                0x080013d0                SPI2_IRQHandler
                0x080013d0                CAN1_TX_IRQHandler
                0x080013d0                DMA2_Channel5_IRQHandler
                0x080013d0                DMA1_Channel5_IRQHandler
                0x080013d0                EXTI4_IRQHandler
                0x080013d0                RNG_IRQHandler
                0x080013d0                TIM1_TRG_COM_TIM17_IRQHandler
                0x080013d0                DMA1_Channel3_IRQHandler
                0x080013d0                COMP_IRQHandler
                0x080013d0                WWDG_IRQHandler
                0x080013d0                LPUART1_IRQHandler
                0x080013d0                DMA2_Channel6_IRQHandler
                0x080013d0                TIM2_IRQHandler
                0x080013d0                EXTI1_IRQHandler
                0x080013d0                USART2_IRQHandler
                0x080013d0                DFSDM1_FLT0_IRQHandler
                0x080013d0                I2C2_ER_IRQHandler
                0x080013d0                DMA1_Channel2_IRQHandler
                0x080013d0                TIM8_BRK_IRQHandler
                0x080013d0                CAN1_SCE_IRQHandler
                0x080013d0                FLASH_IRQHandler
                0x080013d0                USART1_IRQHandler
                0x080013d0                OTG_FS_IRQHandler
                0x080013d0                SPI3_IRQHandler
                0x080013d0                I2C1_ER_IRQHandler
                0x080013d0                FMC_IRQHandler
                0x080013d0                SWPMI1_IRQHandler
                0x080013d0                LPTIM1_IRQHandler
                0x080013d0                SAI1_IRQHandler
                0x080013d0                DMA2_Channel3_IRQHandler
                0x080013d0                TIM1_BRK_TIM15_IRQHandler
 *fill*         0x080013d2        0x2 
 .text.__libc_init_array
                0x080013d4       0x48 c:/program files (x86)/gnu arm embedded toolchain/10 2020-q4-major/bin/../lib/gcc/arm-none-eabi/10.2.1/../../../../arm-none-eabi/lib/thumb/v7e-m+fp/hard\libc_nano.a(lib_a-init.o)
                0x080013d4                __libc_init_array
 *(.glue_7)
 .glue_7        0x0800141c        0x0 linker stubs
 *(.glue_7t)
 .glue_7t       0x0800141c        0x0 linker stubs
 *(.eh_frame)
 .eh_frame      0x0800141c        0x0 c:/program files (x86)/gnu arm embedded toolchain/10 2020-q4-major/bin/../lib/gcc/arm-none-eabi/10.2.1/thumb/v7e-m+fp/hard/crtbegin.o
 *(.init)
 .init          0x0800141c        0x4 c:/program files (x86)/gnu arm embedded toolchain/10 2020-q4-major/bin/../lib/gcc/arm-none-eabi/10.2.1/thumb/v7e-m+fp/hard/crti.o
                0x0800141c                _init
 .init          0x08001420        0x8 c:/program files (x86)/gnu arm embedded toolchain/10 2020-q4-major/bin/../lib/gcc/arm-none-eabi/10.2.1/thumb/v7e-m+fp/hard/crtn.o
 *(.fini)
 .fini          0x08001428        0x4 c:/program files (x86)/gnu arm embedded toolchain/10 2020-q4-major/bin/../lib/gcc/arm-none-eabi/10.2.1/thumb/v7e-m+fp/hard/crti.o
                0x08001428                _fini
 .fini          0x0800142c        0x8 c:/program files (x86)/gnu arm embedded toolchain/10 2020-q4-major/bin/../lib/gcc/arm-none-eabi/10.2.1/thumb/v7e-m+fp/hard/crtn.o
                0x08001438                . = ALIGN (0x8)
 *fill*         0x08001434        0x4 
                0x08001438                _etext = .

.vfp11_veneer   0x08001438        0x0
 .vfp11_veneer  0x08001438        0x0 linker stubs

.v4_bx          0x08001438        0x0
 .v4_bx         0x08001438        0x0 linker stubs

.iplt           0x08001438        0x0
 .iplt          0x08001438        0x0 c:/program files (x86)/gnu arm embedded toolchain/10 2020-q4-major/bin/../lib/gcc/arm-none-eabi/10.2.1/thumb/v7e-m+fp/hard/crtbegin.o

.rodata         0x08001438       0x48
                0x08001438                . = ALIGN (0x8)
 *(.rodata)
 *(.rodata*)
 .rodata.AHBPrescTable
                0x08001438       0x10 build/system_stm32l4xx.o
                0x08001438                AHBPrescTable
 .rodata.APBPrescTable
                0x08001448        0x8 build/system_stm32l4xx.o
                0x08001448                APBPrescTable
 .rodata.MSIRangeTable
                0x08001450       0x30 build/system_stm32l4xx.o
                0x08001450                MSIRangeTable
                0x08001480                . = ALIGN (0x8)

.rel.dyn        0x08001480        0x0
 .rel.iplt      0x08001480        0x0 c:/program files (x86)/gnu arm embedded toolchain/10 2020-q4-major/bin/../lib/gcc/arm-none-eabi/10.2.1/thumb/v7e-m+fp/hard/crtbegin.o

.ARM.extab      0x08001480        0x0
                0x08001480                . = ALIGN (0x8)
 *(.ARM.extab* .gnu.linkonce.armextab.*)
                0x08001480                . = ALIGN (0x8)

.ARM            0x08001480        0x0
                0x08001480                . = ALIGN (0x8)
                0x08001480                __exidx_start = .
 *(.ARM.exidx*)
                0x08001480                __exidx_end = .
                0x08001480                . = ALIGN (0x8)

.preinit_array  0x08001480        0x0
                0x08001480                . = ALIGN (0x8)
                0x08001480                PROVIDE (__preinit_array_start = .)
 *(.preinit_array*)
                0x08001480                PROVIDE (__preinit_array_end = .)
                0x08001480                . = ALIGN (0x8)

.init_array     0x08001480        0x8
                0x08001480                . = ALIGN (0x8)
                0x08001480                PROVIDE (__init_array_start = .)
 *(SORT_BY_NAME(.init_array.*))
 *(.init_array*)
 .init_array    0x08001480        0x4 c:/program files (x86)/gnu arm embedded toolchain/10 2020-q4-major/bin/../lib/gcc/arm-none-eabi/10.2.1/thumb/v7e-m+fp/hard/crtbegin.o
                0x08001484                PROVIDE (__init_array_end = .)
                0x08001488                . = ALIGN (0x8)
 *fill*         0x08001484        0x4 

.fini_array     0x08001488        0x8
                0x08001488                . = ALIGN (0x8)
                [!provide]                PROVIDE (__fini_array_start = .)
 *(SORT_BY_NAME(.fini_array.*))
 *(.fini_array*)
 .fini_array    0x08001488        0x4 c:/program files (x86)/gnu arm embedded toolchain/10 2020-q4-major/bin/../lib/gcc/arm-none-eabi/10.2.1/thumb/v7e-m+fp/hard/crtbegin.o
                [!provide]                PROVIDE (__fini_array_end = .)
                0x08001490                . = ALIGN (0x8)
 *fill*         0x0800148c        0x4 
                0x08001490                _sidata = LOADADDR (.data)

.data           0x20000000        0x8 load address 0x08001490
                0x20000000                . = ALIGN (0x8)
                0x20000000                _sdata = .
 *(.data)
 *(.data*)
 .data.SystemCoreClock
                0x20000000        0x4 build/system_stm32l4xx.o
                0x20000000                SystemCoreClock
                0x20000008                . = ALIGN (0x8)
 *fill*         0x20000004        0x4 
                0x20000008                _edata = .

.igot.plt       0x20000008        0x0 load address 0x08001498
 .igot.plt      0x20000008        0x0 c:/program files (x86)/gnu arm embedded toolchain/10 2020-q4-major/bin/../lib/gcc/arm-none-eabi/10.2.1/thumb/v7e-m+fp/hard/crtbegin.o
                0x20000008                . = ALIGN (0x4)

.bss            0x20000008       0x1c load address 0x08001498
                0x20000008                _sbss = .
                0x20000008                __bss_start__ = _sbss
 *(.bss)
 .bss           0x20000008       0x1c c:/program files (x86)/gnu arm embedded toolchain/10 2020-q4-major/bin/../lib/gcc/arm-none-eabi/10.2.1/thumb/v7e-m+fp/hard/crtbegin.o
 *(.bss*)
 *(COMMON)
                0x20000024                . = ALIGN (0x4)
                0x20000024                _ebss = .
                0x20000024                __bss_end__ = _ebss

._user_heap_stack
                0x20000024      0x604 load address 0x08001498
                0x20000028                . = ALIGN (0x8)
 *fill*         0x20000024        0x4 
                [!provide]                PROVIDE (end = .)
                [!provide]                PROVIDE (_end = .)
                0x20000228                . = (. + _Min_Heap_Size)
 *fill*         0x20000028      0x200 
                0x20000628                . = (. + _Min_Stack_Size)
 *fill*         0x20000228      0x400 
                0x20000628                . = ALIGN (0x8)

/DISCARD/
 libc.a(*)
 libm.a(*)
 libgcc.a(*)

.ARM.attributes
                0x00000000       0x30
 *(.ARM.attributes)
 .ARM.attributes
                0x00000000       0x1e c:/program files (x86)/gnu arm embedded toolchain/10 2020-q4-major/bin/../lib/gcc/arm-none-eabi/10.2.1/thumb/v7e-m+fp/hard/crti.o
 .ARM.attributes
                0x0000001e       0x34 c:/program files (x86)/gnu arm embedded toolchain/10 2020-q4-major/bin/../lib/gcc/arm-none-eabi/10.2.1/thumb/v7e-m+fp/hard/crtbegin.o
 .ARM.attributes
                0x00000052       0x34 build/main.o
 .ARM.attributes
                0x00000086       0x34 build/stm32l4xx_it.o
 .ARM.attributes
                0x000000ba       0x34 build/stm32l4xx_ll_utils.o
 .ARM.attributes
                0x000000ee       0x34 build/stm32l4xx_ll_exti.o
 .ARM.attributes
                0x00000122       0x34 build/stm32l4xx_ll_gpio.o
 .ARM.attributes
                0x00000156       0x34 build/stm32l4xx_ll_rtc.o
 .ARM.attributes
                0x0000018a       0x34 build/stm32l4xx_ll_tim.o
 .ARM.attributes
                0x000001be       0x34 build/stm32l4xx_ll_usart.o
 .ARM.attributes
                0x000001f2       0x34 build/stm32l4xx_ll_rcc.o
 .ARM.attributes
                0x00000226       0x34 build/system_stm32l4xx.o
 .ARM.attributes
                0x0000025a       0x21 build/startup_stm32l476xx.o
 .ARM.attributes
                0x0000027b       0x34 c:/program files (x86)/gnu arm embedded toolchain/10 2020-q4-major/bin/../lib/gcc/arm-none-eabi/10.2.1/../../../../arm-none-eabi/lib/thumb/v7e-m+fp/hard\libc_nano.a(lib_a-init.o)
 .ARM.attributes
                0x000002af       0x1e c:/program files (x86)/gnu arm embedded toolchain/10 2020-q4-major/bin/../lib/gcc/arm-none-eabi/10.2.1/thumb/v7e-m+fp/hard/crtn.o
OUTPUT(build/l476_nucleo.elf elf32-littlearm)
LOAD linker stubs
LOAD c:/program files (x86)/gnu arm embedded toolchain/10 2020-q4-major/bin/../lib/gcc/arm-none-eabi/10.2.1/../../../../arm-none-eabi/lib/thumb/v7e-m+fp/hard\libc.a
LOAD c:/program files (x86)/gnu arm embedded toolchain/10 2020-q4-major/bin/../lib/gcc/arm-none-eabi/10.2.1/../../../../arm-none-eabi/lib/thumb/v7e-m+fp/hard\libm.a
LOAD c:/program files (x86)/gnu arm embedded toolchain/10 2020-q4-major/bin/../lib/gcc/arm-none-eabi/10.2.1/thumb/v7e-m+fp/hard\libgcc.a

.debug_info     0x00000000     0xc3f2
 .debug_info    0x00000000     0x2919 build/main.o
 .debug_info    0x00002919      0x3ce build/stm32l4xx_it.o
 .debug_info    0x00002ce7     0x11d7 build/stm32l4xx_ll_utils.o
 .debug_info    0x00003ebe      0x8d3 build/stm32l4xx_ll_exti.o
 .debug_info    0x00004791      0xec5 build/stm32l4xx_ll_gpio.o
 .debug_info    0x00005656     0x1ab1 build/stm32l4xx_ll_rtc.o
 .debug_info    0x00007107     0x1903 build/stm32l4xx_ll_tim.o
 .debug_info    0x00008a0a      0xb33 build/stm32l4xx_ll_usart.o
 .debug_info    0x0000953d     0x2822 build/stm32l4xx_ll_rcc.o
 .debug_info    0x0000bd5f      0x671 build/system_stm32l4xx.o
 .debug_info    0x0000c3d0       0x22 build/startup_stm32l476xx.o

.debug_abbrev   0x00000000     0x19a6
 .debug_abbrev  0x00000000      0x3df build/main.o
 .debug_abbrev  0x000003df      0x176 build/stm32l4xx_it.o
 .debug_abbrev  0x00000555      0x314 build/stm32l4xx_ll_utils.o
 .debug_abbrev  0x00000869      0x1d9 build/stm32l4xx_ll_exti.o
 .debug_abbrev  0x00000a42      0x2c5 build/stm32l4xx_ll_gpio.o
 .debug_abbrev  0x00000d07      0x319 build/stm32l4xx_ll_rtc.o
 .debug_abbrev  0x00001020      0x2d6 build/stm32l4xx_ll_tim.o
 .debug_abbrev  0x000012f6      0x2c8 build/stm32l4xx_ll_usart.o
 .debug_abbrev  0x000015be      0x2bb build/stm32l4xx_ll_rcc.o
 .debug_abbrev  0x00001879      0x11b build/system_stm32l4xx.o
 .debug_abbrev  0x00001994       0x12 build/startup_stm32l476xx.o

.debug_loc      0x00000000     0x6869
 .debug_loc     0x00000000      0x842 build/main.o
 .debug_loc     0x00000842       0x30 build/stm32l4xx_it.o
 .debug_loc     0x00000872      0x8ff build/stm32l4xx_ll_utils.o
 .debug_loc     0x00001171      0x4cb build/stm32l4xx_ll_exti.o
 .debug_loc     0x0000163c      0x8ae build/stm32l4xx_ll_gpio.o
 .debug_loc     0x00001eea     0x17eb build/stm32l4xx_ll_rtc.o
 .debug_loc     0x000036d5     0x17e1 build/stm32l4xx_ll_tim.o
 .debug_loc     0x00004eb6      0x6d0 build/stm32l4xx_ll_usart.o
 .debug_loc     0x00005586     0x11bc build/stm32l4xx_ll_rcc.o
 .debug_loc     0x00006742      0x127 build/system_stm32l4xx.o

.debug_aranges  0x00000000      0x458
 .debug_aranges
                0x00000000       0x58 build/main.o
 .debug_aranges
                0x00000058       0x68 build/stm32l4xx_it.o
 .debug_aranges
                0x000000c0       0x68 build/stm32l4xx_ll_utils.o
 .debug_aranges
                0x00000128       0x30 build/stm32l4xx_ll_exti.o
 .debug_aranges
                0x00000158       0x30 build/stm32l4xx_ll_gpio.o
 .debug_aranges
                0x00000188       0x88 build/stm32l4xx_ll_rtc.o
 .debug_aranges
                0x00000210       0xd0 build/stm32l4xx_ll_tim.o
 .debug_aranges
                0x000002e0       0x40 build/stm32l4xx_ll_usart.o
 .debug_aranges
                0x00000320       0xe8 build/stm32l4xx_ll_rcc.o
 .debug_aranges
                0x00000408       0x28 build/system_stm32l4xx.o
 .debug_aranges
                0x00000430       0x28 build/startup_stm32l476xx.o

.debug_ranges   0x00000000      0x8a0
 .debug_ranges  0x00000000       0xe8 build/main.o
 .debug_ranges  0x000000e8       0x58 build/stm32l4xx_it.o
 .debug_ranges  0x00000140       0x58 build/stm32l4xx_ll_utils.o
 .debug_ranges  0x00000198       0x68 build/stm32l4xx_ll_exti.o
 .debug_ranges  0x00000200      0x230 build/stm32l4xx_ll_gpio.o
 .debug_ranges  0x00000430       0x78 build/stm32l4xx_ll_rtc.o
 .debug_ranges  0x000004a8      0x1c8 build/stm32l4xx_ll_tim.o
 .debug_ranges  0x00000670       0xd8 build/stm32l4xx_ll_usart.o
 .debug_ranges  0x00000748      0x120 build/stm32l4xx_ll_rcc.o
 .debug_ranges  0x00000868       0x18 build/system_stm32l4xx.o
 .debug_ranges  0x00000880       0x20 build/startup_stm32l476xx.o

.debug_line     0x00000000     0x69c0
 .debug_line    0x00000000      0xbd7 build/main.o
 .debug_line    0x00000bd7      0x315 build/stm32l4xx_it.o
 .debug_line    0x00000eec      0x94d build/stm32l4xx_ll_utils.o
 .debug_line    0x00001839      0x582 build/stm32l4xx_ll_exti.o
 .debug_line    0x00001dbb      0x7e5 build/stm32l4xx_ll_gpio.o
 .debug_line    0x000025a0      0xcd0 build/stm32l4xx_ll_rtc.o
 .debug_line    0x00003270      0xe81 build/stm32l4xx_ll_tim.o
 .debug_line    0x000040f1      0x5d3 build/stm32l4xx_ll_usart.o
 .debug_line    0x000046c4     0x1fa8 build/stm32l4xx_ll_rcc.o
 .debug_line    0x0000666c      0x2df build/system_stm32l4xx.o
 .debug_line    0x0000694b       0x75 build/startup_stm32l476xx.o

.debug_str      0x00000000     0x2e04
 .debug_str     0x00000000     0x12fc build/main.o
                               0x1418 (size before relaxing)
 .debug_str     0x000012fc      0x149 build/stm32l4xx_it.o
                                0x324 (size before relaxing)
 .debug_str     0x00001445      0x35a build/stm32l4xx_ll_utils.o
                                0x88f (size before relaxing)
 .debug_str     0x0000179f      0x217 build/stm32l4xx_ll_exti.o
                                0x475 (size before relaxing)
 .debug_str     0x000019b6       0xf3 build/stm32l4xx_ll_gpio.o
                                0x4a7 (size before relaxing)
 .debug_str     0x00001aa9      0x414 build/stm32l4xx_ll_rtc.o
                                0x7ed (size before relaxing)
 .debug_str     0x00001ebd      0x5bf build/stm32l4xx_ll_tim.o
                                0x9d9 (size before relaxing)
 .debug_str     0x0000247c      0x1b8 build/stm32l4xx_ll_usart.o
                                0x5a0 (size before relaxing)
 .debug_str     0x00002634      0x755 build/stm32l4xx_ll_rcc.o
                                0xbd8 (size before relaxing)
 .debug_str     0x00002d89       0x57 build/system_stm32l4xx.o
                                0x39f (size before relaxing)
 .debug_str     0x00002de0       0x24 build/startup_stm32l476xx.o
                                 0x3c (size before relaxing)

.comment        0x00000000       0x4d
 .comment       0x00000000       0x4d build/main.o
                                 0x4e (size before relaxing)
 .comment       0x0000004d       0x4e build/stm32l4xx_it.o
 .comment       0x0000004d       0x4e build/stm32l4xx_ll_utils.o
 .comment       0x0000004d       0x4e build/stm32l4xx_ll_exti.o
 .comment       0x0000004d       0x4e build/stm32l4xx_ll_gpio.o
 .comment       0x0000004d       0x4e build/stm32l4xx_ll_rtc.o
 .comment       0x0000004d       0x4e build/stm32l4xx_ll_tim.o
 .comment       0x0000004d       0x4e build/stm32l4xx_ll_usart.o
 .comment       0x0000004d       0x4e build/stm32l4xx_ll_rcc.o
 .comment       0x0000004d       0x4e build/system_stm32l4xx.o

.debug_frame    0x00000000      0x998
 .debug_frame   0x00000000       0xe8 build/main.o
 .debug_frame   0x000000e8       0xb0 build/stm32l4xx_it.o
 .debug_frame   0x00000198       0xf4 build/stm32l4xx_ll_utils.o
 .debug_frame   0x0000028c       0x54 build/stm32l4xx_ll_exti.o
 .debug_frame   0x000002e0       0x54 build/stm32l4xx_ll_gpio.o
 .debug_frame   0x00000334      0x13c build/stm32l4xx_ll_rtc.o
 .debug_frame   0x00000470      0x22c build/stm32l4xx_ll_tim.o
 .debug_frame   0x0000069c       0x78 build/stm32l4xx_ll_usart.o
 .debug_frame   0x00000714      0x228 build/stm32l4xx_ll_rcc.o
 .debug_frame   0x0000093c       0x30 build/system_stm32l4xx.o
 .debug_frame   0x0000096c       0x2c c:/program files (x86)/gnu arm embedded toolchain/10 2020-q4-major/bin/../lib/gcc/arm-none-eabi/10.2.1/../../../../arm-none-eabi/lib/thumb/v7e-m+fp/hard\libc_nano.a(lib_a-init.o)

Cross Reference Table

Symbol                                            File
ADC1_2_IRQHandler                                 build/startup_stm32l476xx.o
ADC3_IRQHandler                                   build/startup_stm32l476xx.o
AHBPrescTable                                     build/system_stm32l4xx.o
                                                  build/stm32l4xx_ll_rcc.o
                                                  build/stm32l4xx_ll_utils.o
APBPrescTable                                     build/system_stm32l4xx.o
                                                  build/stm32l4xx_ll_rcc.o
BusFault_Handler                                  build/stm32l4xx_it.o
CAN1_RX0_IRQHandler                               build/startup_stm32l476xx.o
CAN1_RX1_IRQHandler                               build/startup_stm32l476xx.o
CAN1_SCE_IRQHandler                               build/startup_stm32l476xx.o
CAN1_TX_IRQHandler                                build/startup_stm32l476xx.o
COMP_IRQHandler                                   build/startup_stm32l476xx.o
DFSDM1_FLT0_IRQHandler                            build/startup_stm32l476xx.o
DFSDM1_FLT1_IRQHandler                            build/startup_stm32l476xx.o
DFSDM1_FLT2_IRQHandler                            build/startup_stm32l476xx.o
DFSDM1_FLT3_IRQHandler                            build/startup_stm32l476xx.o
DMA1_Channel1_IRQHandler                          build/startup_stm32l476xx.o
DMA1_Channel2_IRQHandler                          build/startup_stm32l476xx.o
DMA1_Channel3_IRQHandler                          build/startup_stm32l476xx.o
DMA1_Channel4_IRQHandler                          build/startup_stm32l476xx.o
DMA1_Channel5_IRQHandler                          build/startup_stm32l476xx.o
DMA1_Channel6_IRQHandler                          build/startup_stm32l476xx.o
DMA1_Channel7_IRQHandler                          build/startup_stm32l476xx.o
DMA2_Channel1_IRQHandler                          build/startup_stm32l476xx.o
DMA2_Channel2_IRQHandler                          build/startup_stm32l476xx.o
DMA2_Channel3_IRQHandler                          build/startup_stm32l476xx.o
DMA2_Channel4_IRQHandler                          build/startup_stm32l476xx.o
DMA2_Channel5_IRQHandler                          build/startup_stm32l476xx.o
DMA2_Channel6_IRQHandler                          build/startup_stm32l476xx.o
DMA2_Channel7_IRQHandler                          build/startup_stm32l476xx.o
DebugMon_Handler                                  build/stm32l4xx_it.o
Default_Handler                                   build/startup_stm32l476xx.o
EXTI0_IRQHandler                                  build/startup_stm32l476xx.o
EXTI15_10_IRQHandler                              build/stm32l4xx_it.o
EXTI1_IRQHandler                                  build/startup_stm32l476xx.o
EXTI2_IRQHandler                                  build/startup_stm32l476xx.o
EXTI3_IRQHandler                                  build/startup_stm32l476xx.o
EXTI4_IRQHandler                                  build/startup_stm32l476xx.o
EXTI9_5_IRQHandler                                build/startup_stm32l476xx.o
Error_Handler                                     build/main.o
FLASH_IRQHandler                                  build/startup_stm32l476xx.o
FMC_IRQHandler                                    build/startup_stm32l476xx.o
FPU_IRQHandler                                    build/startup_stm32l476xx.o
HardFault_Handler                                 build/stm32l4xx_it.o
I2C1_ER_IRQHandler                                build/startup_stm32l476xx.o
I2C1_EV_IRQHandler                                build/startup_stm32l476xx.o
I2C2_ER_IRQHandler                                build/startup_stm32l476xx.o
I2C2_EV_IRQHandler                                build/startup_stm32l476xx.o
I2C3_ER_IRQHandler                                build/startup_stm32l476xx.o
I2C3_EV_IRQHandler                                build/startup_stm32l476xx.o
LCD_IRQHandler                                    build/startup_stm32l476xx.o
LL_DMA_DeInit                                     build/stm32l4xx_ll_dma.o
LL_DMA_Init                                       build/stm32l4xx_ll_dma.o
LL_DMA_StructInit                                 build/stm32l4xx_ll_dma.o
LL_EXTI_DeInit                                    build/stm32l4xx_ll_exti.o
LL_EXTI_Init                                      build/stm32l4xx_ll_exti.o
                                                  build/main.o
LL_EXTI_StructInit                                build/stm32l4xx_ll_exti.o
LL_GPIO_DeInit                                    build/stm32l4xx_ll_gpio.o
LL_GPIO_Init                                      build/stm32l4xx_ll_gpio.o
                                                  build/main.o
LL_GPIO_StructInit                                build/stm32l4xx_ll_gpio.o
LL_Init1msTick                                    build/stm32l4xx_ll_utils.o
                                                  build/main.o
LL_PLL_ConfigSystemClock_HSE                      build/stm32l4xx_ll_utils.o
LL_PLL_ConfigSystemClock_HSI                      build/stm32l4xx_ll_utils.o
LL_PLL_ConfigSystemClock_MSI                      build/stm32l4xx_ll_utils.o
LL_PWR_DeInit                                     build/stm32l4xx_ll_pwr.o
LL_RCC_DeInit                                     build/stm32l4xx_ll_rcc.o
LL_RCC_GetADCClockFreq                            build/stm32l4xx_ll_rcc.o
LL_RCC_GetDFSDMClockFreq                          build/stm32l4xx_ll_rcc.o
LL_RCC_GetI2CClockFreq                            build/stm32l4xx_ll_rcc.o
LL_RCC_GetLPTIMClockFreq                          build/stm32l4xx_ll_rcc.o
LL_RCC_GetLPUARTClockFreq                         build/stm32l4xx_ll_rcc.o
LL_RCC_GetRNGClockFreq                            build/stm32l4xx_ll_rcc.o
LL_RCC_GetSAIClockFreq                            build/stm32l4xx_ll_rcc.o
LL_RCC_GetSDMMCClockFreq                          build/stm32l4xx_ll_rcc.o
LL_RCC_GetSWPMIClockFreq                          build/stm32l4xx_ll_rcc.o
LL_RCC_GetSystemClocksFreq                        build/stm32l4xx_ll_rcc.o
LL_RCC_GetUARTClockFreq                           build/stm32l4xx_ll_rcc.o
                                                  build/stm32l4xx_ll_usart.o
LL_RCC_GetUSARTClockFreq                          build/stm32l4xx_ll_rcc.o
                                                  build/stm32l4xx_ll_usart.o
LL_RCC_GetUSBClockFreq                            build/stm32l4xx_ll_rcc.o
LL_RTC_ALMA_Init                                  build/stm32l4xx_ll_rtc.o
LL_RTC_ALMA_StructInit                            build/stm32l4xx_ll_rtc.o
LL_RTC_ALMB_Init                                  build/stm32l4xx_ll_rtc.o
LL_RTC_ALMB_StructInit                            build/stm32l4xx_ll_rtc.o
LL_RTC_DATE_Init                                  build/stm32l4xx_ll_rtc.o
                                                  build/main.o
LL_RTC_DATE_StructInit                            build/stm32l4xx_ll_rtc.o
LL_RTC_DeInit                                     build/stm32l4xx_ll_rtc.o
LL_RTC_EnterInitMode                              build/stm32l4xx_ll_rtc.o
LL_RTC_ExitInitMode                               build/stm32l4xx_ll_rtc.o
LL_RTC_Init                                       build/stm32l4xx_ll_rtc.o
                                                  build/main.o
LL_RTC_StructInit                                 build/stm32l4xx_ll_rtc.o
LL_RTC_TIME_Init                                  build/stm32l4xx_ll_rtc.o
                                                  build/main.o
LL_RTC_TIME_StructInit                            build/stm32l4xx_ll_rtc.o
LL_RTC_WaitForSynchro                             build/stm32l4xx_ll_rtc.o
LL_SetFlashLatency                                build/stm32l4xx_ll_utils.o
LL_SetSystemCoreClock                             build/stm32l4xx_ll_utils.o
                                                  build/main.o
LL_TIM_BDTR_Init                                  build/stm32l4xx_ll_tim.o
LL_TIM_BDTR_StructInit                            build/stm32l4xx_ll_tim.o
LL_TIM_DeInit                                     build/stm32l4xx_ll_tim.o
LL_TIM_ENCODER_Init                               build/stm32l4xx_ll_tim.o
LL_TIM_ENCODER_StructInit                         build/stm32l4xx_ll_tim.o
LL_TIM_HALLSENSOR_Init                            build/stm32l4xx_ll_tim.o
LL_TIM_HALLSENSOR_StructInit                      build/stm32l4xx_ll_tim.o
LL_TIM_IC_Init                                    build/stm32l4xx_ll_tim.o
LL_TIM_IC_StructInit                              build/stm32l4xx_ll_tim.o
LL_TIM_Init                                       build/stm32l4xx_ll_tim.o
                                                  build/main.o
LL_TIM_OC_Init                                    build/stm32l4xx_ll_tim.o
LL_TIM_OC_StructInit                              build/stm32l4xx_ll_tim.o
LL_TIM_StructInit                                 build/stm32l4xx_ll_tim.o
LL_USART_ClockInit                                build/stm32l4xx_ll_usart.o
LL_USART_ClockStructInit                          build/stm32l4xx_ll_usart.o
LL_USART_DeInit                                   build/stm32l4xx_ll_usart.o
LL_USART_Init                                     build/stm32l4xx_ll_usart.o
                                                  build/main.o
LL_USART_StructInit                               build/stm32l4xx_ll_usart.o
LL_mDelay                                         build/stm32l4xx_ll_utils.o
                                                  build/main.o
LPTIM1_IRQHandler                                 build/startup_stm32l476xx.o
LPTIM2_IRQHandler                                 build/startup_stm32l476xx.o
LPUART1_IRQHandler                                build/startup_stm32l476xx.o
MSIRangeTable                                     build/system_stm32l4xx.o
                                                  build/stm32l4xx_ll_rcc.o
                                                  build/stm32l4xx_ll_utils.o
MemManage_Handler                                 build/stm32l4xx_it.o
NMI_Handler                                       build/stm32l4xx_it.o
OTG_FS_IRQHandler                                 build/startup_stm32l476xx.o
PVD_PVM_IRQHandler                                build/startup_stm32l476xx.o
PendSV_Handler                                    build/startup_stm32l476xx.o
QUADSPI_IRQHandler                                build/startup_stm32l476xx.o
RCC_IRQHandler                                    build/startup_stm32l476xx.o
RNG_IRQHandler                                    build/startup_stm32l476xx.o
RTC_Alarm_IRQHandler                              build/startup_stm32l476xx.o
RTC_WKUP_IRQHandler                               build/startup_stm32l476xx.o
Reset_Handler                                     build/startup_stm32l476xx.o
SAI1_IRQHandler                                   build/startup_stm32l476xx.o
SAI2_IRQHandler                                   build/startup_stm32l476xx.o
SDMMC1_IRQHandler                                 build/startup_stm32l476xx.o
SPI1_IRQHandler                                   build/startup_stm32l476xx.o
SPI2_IRQHandler                                   build/startup_stm32l476xx.o
SPI3_IRQHandler                                   build/startup_stm32l476xx.o
SVC_Handler                                       build/stm32l4xx_it.o
SWPMI1_IRQHandler                                 build/startup_stm32l476xx.o
SysTick_Handler                                   build/stm32l4xx_it.o
SystemClock_Config                                build/main.o
SystemCoreClock                                   build/system_stm32l4xx.o
                                                  build/stm32l4xx_ll_utils.o
SystemCoreClockUpdate                             build/system_stm32l4xx.o
SystemInit                                        build/system_stm32l4xx.o
                                                  build/startup_stm32l476xx.o
TAMP_STAMP_IRQHandler                             build/startup_stm32l476xx.o
TIM1_BRK_TIM15_IRQHandler                         build/startup_stm32l476xx.o
TIM1_CC_IRQHandler                                build/startup_stm32l476xx.o
TIM1_TRG_COM_TIM17_IRQHandler                     build/startup_stm32l476xx.o
TIM1_UP_TIM16_IRQHandler                          build/startup_stm32l476xx.o
TIM2_IRQHandler                                   build/startup_stm32l476xx.o
TIM3_IRQHandler                                   build/startup_stm32l476xx.o
TIM4_IRQHandler                                   build/startup_stm32l476xx.o
TIM5_IRQHandler                                   build/startup_stm32l476xx.o
TIM6_DAC_IRQHandler                               build/stm32l4xx_it.o
TIM7_IRQHandler                                   build/startup_stm32l476xx.o
TIM8_BRK_IRQHandler                               build/startup_stm32l476xx.o
TIM8_CC_IRQHandler                                build/startup_stm32l476xx.o
TIM8_TRG_COM_IRQHandler                           build/startup_stm32l476xx.o
TIM8_UP_IRQHandler                                build/startup_stm32l476xx.o
TSC_IRQHandler                                    build/startup_stm32l476xx.o
UART4_IRQHandler                                  build/startup_stm32l476xx.o
UART5_IRQHandler                                  build/startup_stm32l476xx.o
USART1_IRQHandler                                 build/startup_stm32l476xx.o
USART2_IRQHandler                                 build/startup_stm32l476xx.o
USART3_IRQHandler                                 build/startup_stm32l476xx.o
UsageFault_Handler                                build/stm32l4xx_it.o
WWDG_IRQHandler                                   build/startup_stm32l476xx.o
__bss_end__                                       c:/program files (x86)/gnu arm embedded toolchain/10 2020-q4-major/bin/../lib/gcc/arm-none-eabi/10.2.1/../../../../arm-none-eabi/lib/thumb/v7e-m+fp/hard/crt0.o
__bss_start__                                     c:/program files (x86)/gnu arm embedded toolchain/10 2020-q4-major/bin/../lib/gcc/arm-none-eabi/10.2.1/../../../../arm-none-eabi/lib/thumb/v7e-m+fp/hard/crt0.o
__call_exitprocs                                  c:/program files (x86)/gnu arm embedded toolchain/10 2020-q4-major/bin/../lib/gcc/arm-none-eabi/10.2.1/../../../../arm-none-eabi/lib/thumb/v7e-m+fp/hard\libc_nano.a(lib_a-exit.o)
__deregister_frame_info                           c:/program files (x86)/gnu arm embedded toolchain/10 2020-q4-major/bin/../lib/gcc/arm-none-eabi/10.2.1/thumb/v7e-m+fp/hard/crtbegin.o
__dso_handle                                      c:/program files (x86)/gnu arm embedded toolchain/10 2020-q4-major/bin/../lib/gcc/arm-none-eabi/10.2.1/thumb/v7e-m+fp/hard/crtbegin.o
__init_array_end                                  c:/program files (x86)/gnu arm embedded toolchain/10 2020-q4-major/bin/../lib/gcc/arm-none-eabi/10.2.1/../../../../arm-none-eabi/lib/thumb/v7e-m+fp/hard\libc_nano.a(lib_a-init.o)
__init_array_start                                c:/program files (x86)/gnu arm embedded toolchain/10 2020-q4-major/bin/../lib/gcc/arm-none-eabi/10.2.1/../../../../arm-none-eabi/lib/thumb/v7e-m+fp/hard\libc_nano.a(lib_a-init.o)
__libc_fini_array                                 c:/program files (x86)/gnu arm embedded toolchain/10 2020-q4-major/bin/../lib/gcc/arm-none-eabi/10.2.1/../../../../arm-none-eabi/lib/thumb/v7e-m+fp/hard/crt0.o
__libc_init_array                                 c:/program files (x86)/gnu arm embedded toolchain/10 2020-q4-major/bin/../lib/gcc/arm-none-eabi/10.2.1/../../../../arm-none-eabi/lib/thumb/v7e-m+fp/hard\libc_nano.a(lib_a-init.o)
                                                  build/startup_stm32l476xx.o
                                                  c:/program files (x86)/gnu arm embedded toolchain/10 2020-q4-major/bin/../lib/gcc/arm-none-eabi/10.2.1/../../../../arm-none-eabi/lib/thumb/v7e-m+fp/hard/crt0.o
__preinit_array_end                               c:/program files (x86)/gnu arm embedded toolchain/10 2020-q4-major/bin/../lib/gcc/arm-none-eabi/10.2.1/../../../../arm-none-eabi/lib/thumb/v7e-m+fp/hard\libc_nano.a(lib_a-init.o)
__preinit_array_start                             c:/program files (x86)/gnu arm embedded toolchain/10 2020-q4-major/bin/../lib/gcc/arm-none-eabi/10.2.1/../../../../arm-none-eabi/lib/thumb/v7e-m+fp/hard\libc_nano.a(lib_a-init.o)
__register_frame_info                             c:/program files (x86)/gnu arm embedded toolchain/10 2020-q4-major/bin/../lib/gcc/arm-none-eabi/10.2.1/thumb/v7e-m+fp/hard/crtbegin.o
__sf_fake_stderr                                  c:/program files (x86)/gnu arm embedded toolchain/10 2020-q4-major/bin/../lib/gcc/arm-none-eabi/10.2.1/../../../../arm-none-eabi/lib/thumb/v7e-m+fp/hard\libc_nano.a(lib_a-impure.o)
__sf_fake_stdin                                   c:/program files (x86)/gnu arm embedded toolchain/10 2020-q4-major/bin/../lib/gcc/arm-none-eabi/10.2.1/../../../../arm-none-eabi/lib/thumb/v7e-m+fp/hard\libc_nano.a(lib_a-impure.o)
__sf_fake_stdout                                  c:/program files (x86)/gnu arm embedded toolchain/10 2020-q4-major/bin/../lib/gcc/arm-none-eabi/10.2.1/../../../../arm-none-eabi/lib/thumb/v7e-m+fp/hard\libc_nano.a(lib_a-impure.o)
__stack                                           c:/program files (x86)/gnu arm embedded toolchain/10 2020-q4-major/bin/../lib/gcc/arm-none-eabi/10.2.1/../../../../arm-none-eabi/lib/thumb/v7e-m+fp/hard/crt0.o
_ebss                                             build/startup_stm32l476xx.o
_edata                                            build/startup_stm32l476xx.o
_estack                                           build/startup_stm32l476xx.o
_exit                                             c:/program files (x86)/gnu arm embedded toolchain/10 2020-q4-major/bin/../lib/gcc/arm-none-eabi/10.2.1/../../../../arm-none-eabi/lib/thumb/v7e-m+fp/hard\libnosys.a(_exit.o)
                                                  c:/program files (x86)/gnu arm embedded toolchain/10 2020-q4-major/bin/../lib/gcc/arm-none-eabi/10.2.1/../../../../arm-none-eabi/lib/thumb/v7e-m+fp/hard\libc_nano.a(lib_a-exit.o)
_fini                                             c:/program files (x86)/gnu arm embedded toolchain/10 2020-q4-major/bin/../lib/gcc/arm-none-eabi/10.2.1/thumb/v7e-m+fp/hard/crti.o
_global_impure_ptr                                c:/program files (x86)/gnu arm embedded toolchain/10 2020-q4-major/bin/../lib/gcc/arm-none-eabi/10.2.1/../../../../arm-none-eabi/lib/thumb/v7e-m+fp/hard\libc_nano.a(lib_a-impure.o)
                                                  c:/program files (x86)/gnu arm embedded toolchain/10 2020-q4-major/bin/../lib/gcc/arm-none-eabi/10.2.1/../../../../arm-none-eabi/lib/thumb/v7e-m+fp/hard\libc_nano.a(lib_a-exit.o)
_impure_ptr                                       c:/program files (x86)/gnu arm embedded toolchain/10 2020-q4-major/bin/../lib/gcc/arm-none-eabi/10.2.1/../../../../arm-none-eabi/lib/thumb/v7e-m+fp/hard\libc_nano.a(lib_a-impure.o)
_init                                             c:/program files (x86)/gnu arm embedded toolchain/10 2020-q4-major/bin/../lib/gcc/arm-none-eabi/10.2.1/thumb/v7e-m+fp/hard/crti.o
                                                  c:/program files (x86)/gnu arm embedded toolchain/10 2020-q4-major/bin/../lib/gcc/arm-none-eabi/10.2.1/../../../../arm-none-eabi/lib/thumb/v7e-m+fp/hard\libc_nano.a(lib_a-init.o)
_mainCRTStartup                                   c:/program files (x86)/gnu arm embedded toolchain/10 2020-q4-major/bin/../lib/gcc/arm-none-eabi/10.2.1/../../../../arm-none-eabi/lib/thumb/v7e-m+fp/hard/crt0.o
_sbss                                             build/startup_stm32l476xx.o
_sdata                                            build/startup_stm32l476xx.o
_sidata                                           build/startup_stm32l476xx.o
_stack_init                                       c:/program files (x86)/gnu arm embedded toolchain/10 2020-q4-major/bin/../lib/gcc/arm-none-eabi/10.2.1/../../../../arm-none-eabi/lib/thumb/v7e-m+fp/hard/crt0.o
_start                                            c:/program files (x86)/gnu arm embedded toolchain/10 2020-q4-major/bin/../lib/gcc/arm-none-eabi/10.2.1/../../../../arm-none-eabi/lib/thumb/v7e-m+fp/hard/crt0.o
atexit                                            c:/program files (x86)/gnu arm embedded toolchain/10 2020-q4-major/bin/../lib/gcc/arm-none-eabi/10.2.1/../../../../arm-none-eabi/lib/thumb/v7e-m+fp/hard/crt0.o
exit                                              c:/program files (x86)/gnu arm embedded toolchain/10 2020-q4-major/bin/../lib/gcc/arm-none-eabi/10.2.1/../../../../arm-none-eabi/lib/thumb/v7e-m+fp/hard\libc_nano.a(lib_a-exit.o)
                                                  c:/program files (x86)/gnu arm embedded toolchain/10 2020-q4-major/bin/../lib/gcc/arm-none-eabi/10.2.1/../../../../arm-none-eabi/lib/thumb/v7e-m+fp/hard/crt0.o
g_pfnVectors                                      build/startup_stm32l476xx.o
hardware_init_hook                                c:/program files (x86)/gnu arm embedded toolchain/10 2020-q4-major/bin/../lib/gcc/arm-none-eabi/10.2.1/../../../../arm-none-eabi/lib/thumb/v7e-m+fp/hard/crt0.o
main                                              build/main.o
                                                  build/startup_stm32l476xx.o
                                                  c:/program files (x86)/gnu arm embedded toolchain/10 2020-q4-major/bin/../lib/gcc/arm-none-eabi/10.2.1/../../../../arm-none-eabi/lib/thumb/v7e-m+fp/hard/crt0.o
memset                                            c:/program files (x86)/gnu arm embedded toolchain/10 2020-q4-major/bin/../lib/gcc/arm-none-eabi/10.2.1/../../../../arm-none-eabi/lib/thumb/v7e-m+fp/hard\libc_nano.a(lib_a-memset.o)
                                                  c:/program files (x86)/gnu arm embedded toolchain/10 2020-q4-major/bin/../lib/gcc/arm-none-eabi/10.2.1/../../../../arm-none-eabi/lib/thumb/v7e-m+fp/hard/crt0.o
software_init_hook                                c:/program files (x86)/gnu arm embedded toolchain/10 2020-q4-major/bin/../lib/gcc/arm-none-eabi/10.2.1/../../../../arm-none-eabi/lib/thumb/v7e-m+fp/hard/crt0.o
